../Core/Inc/SPI.h:33:6:WaitForWriteComplete	16	static
../Core/Inc/SPI.h:44:6:SPI_WriteEnable	8	static
../Core/Inc/SPI.h:51:6:SPI_DisableAAIMode	8	static
../Core/Inc/SPI.h:58:6:SPI_SectorEraseAt	24	static
../Core/Inc/SPI.h:68:6:SPI_UnlockBlockProtection	8	static
../Core/Inc/SPI.h:85:6:SPI_InitialAAIWrite	24	static
../Core/Inc/SPI.h:99:6:SPI_WriteAAIPair	16	static
../Core/Inc/SPI.h:110:6:SPI_ReadStatusAndPrint	64	static
../Core/Inc/SPI.h:125:6:SPI_ReadBackAndPrint	64	dynamic
../Core/Src/main.c:61:6:HAL_TIM_IC_CaptureCallback	16	static
../Core/Src/main.c:104:6:Delay_us	16	static
../Core/Src/main.c:110:6:Trigger_Ultrasonic	8	static
../Core/Src/main.c:132:6:Set_Pin_Output	40	static
../Core/Src/main.c:142:6:Set_Pin_Input	40	static
../Core/Src/main.c:151:6:Start_DHT11	8	static
../Core/Src/main.c:161:9:DHT11_Check_Response	16	static
../Core/Src/main.c:175:9:DHT11_Read_Byte	16	static
../Core/Src/main.c:194:6:Read_DHT11	8	static
../Core/Src/main.c:205:6:ProcessSensorData	192	static
../Core/Src/main.c:239:5:main	112	static
../Core/Src/main.c:328:6:SystemClock_Config	88	static
../Core/Src/main.c:365:13:MX_SPI2_Init	8	static
../Core/Src/main.c:386:13:MX_TIM1_Init	32	static
../Core/Src/main.c:418:13:MX_TIM10_Init	8	static
../Core/Src/main.c:432:13:MX_USART2_UART_Init	8	static
../Core/Src/main.c:448:13:MX_GPIO_Init	48	static
../Core/Src/main.c:493:6:Error_Handler	4	static,ignoring_inline_asm
